[INFO] [launch]: All log files can be found below /root/.ros/log/2026-09-08-17-11-19-847157-wblxr-11375
[INFO] [launch]: Default logging verbosity is set to INFO
[INFO] [camera_file_node.py-1]: process started with pid [11395]
[INFO] [range_smoothing_node.py-2]: process started with pid [11397]
[INFO] [approximate_initial_pose_node-3]: process started with pid [11399]
[INFO] [platform_localization_node-4]: process started with pid [11401]
[INFO] [object_detection_node-5]: process started with pid [11403]
[INFO] [superpoint_motion_node-6]: process started with pid [11405]
[INFO] [target_metric_node-7]: process started with pid [11407]
[INFO] [target_kinematic_fusion_node-8]: process started with pid [11409]
[INFO] [adaptive_observation_node-9]: process started with pid [11411]
[INFO] [localization_dashboard_node-10]: process started with pid [11413]
[INFO] [rosbridge_websocket-11]: process started with pid [11415]
[INFO] [python3-12]: process started with pid [11417]
[rosbridge_websocket-11] [WARN] [1788858682.973347812] [rosbridge_websocket]: The 'default_call_service_timeout' parameter is currently set to 0.0, which means service calls will block indefinitely if no response is received. Please note that in the Jazzy and later releases, the default value for this parameter will be updated to 5.0 seconds.
[rosbridge_websocket-11] [WARN] [1788858682.974276912] [rosbridge_websocket]: The 'call_services_in_new_thread' parameter is currently set to False, which means service calls will block the main thread. Please note that in the Jazzy and later releases, the default value for this parameter will be updated to True.
[rosbridge_websocket-11] [WARN] [1788858682.974592140] [rosbridge_websocket]: The 'send_action_goals_in_new_thread' parameter is currently set to False, which means sending action goals will block the main thread. Please note that in the Jazzy and later releases, the default value for this parameter will be updated to True.
[rosbridge_websocket-11] [INFO] [1788858682.981644125] [rosbridge_websocket]: Rosbridge WebSocket server started on port 19090
[WARNING] [launch]: user interrupted with ctrl-c (SIGINT)
[INFO] [python3-12]: sending signal 'SIGINT' to process[python3-12]
[INFO] [rosbridge_websocket-11]: sending signal 'SIGINT' to process[rosbridge_websocket-11]
[INFO] [localization_dashboard_node-10]: sending signal 'SIGINT' to process[localization_dashboard_node-10]
[INFO] [adaptive_observation_node-9]: sending signal 'SIGINT' to process[adaptive_observation_node-9]
[INFO] [target_kinematic_fusion_node-8]: sending signal 'SIGINT' to process[target_kinematic_fusion_node-8]
[INFO] [target_metric_node-7]: sending signal 'SIGINT' to process[target_metric_node-7]
[INFO] [superpoint_motion_node-6]: sending signal 'SIGINT' to process[superpoint_motion_node-6]
[INFO] [object_detection_node-5]: sending signal 'SIGINT' to process[object_detection_node-5]
[INFO] [platform_localization_node-4]: sending signal 'SIGINT' to process[platform_localization_node-4]
[ERROR] [python3-12]: process has died [pid 11417, exit code -2, cmd 'python3 -m http.server 18766 --bind 127.0.0.1 --directory /root/nexus_workspace/NEXUS/code/ros2_ws/install/nexus_viz_dashboard/share/nexus_viz_dashboard/web'].
[INFO] [approximate_initial_pose_node-3]: sending signal 'SIGINT' to process[approximate_initial_pose_node-3]
[INFO] [range_smoothing_node.py-2]: sending signal 'SIGINT' to process[range_smoothing_node.py-2]
[INFO] [camera_file_node.py-1]: sending signal 'SIGINT' to process[camera_file_node.py-1]
[python3-12] Serving HTTP on 127.0.0.1 port 18766 (http://127.0.0.1:18766/) ...
[python3-12] 
[python3-12] Keyboard interrupt received, exiting.
[approximate_initial_pose_node-3] Traceback (most recent call last):
[approximate_initial_pose_node-3]   File "/root/nexus_workspace/NEXUS/code/ros2_ws/install/nexus_bringup/lib/nexus_bringup/approximate_initial_pose_node", line 143, in <module>
[approximate_initial_pose_node-3]     main()
[approximate_initial_pose_node-3]   File "/root/nexus_workspace/NEXUS/code/ros2_ws/install/nexus_bringup/lib/nexus_bringup/approximate_initial_pose_node", line 135, in main
[approximate_initial_pose_node-3]     rclpy.spin(node)
[approximate_initial_pose_node-3]   File "/opt/ros/humble/local/lib/python3.10/dist-packages/rclpy/__init__.py", line 229, in spin
[rosbridge_websocket-11] registered capabilities (classes):
[rosbridge_websocket-11]  - <class 'rosbridge_library.capabilities.advertise.Advertise'>
[rosbridge_websocket-11]  - <class 'rosbridge_library.capabilities.publish.Publish'>
[rosbridge_websocket-11]  - <class 'rosbridge_library.capabilities.subscribe.Subscribe'>
[rosbridge_websocket-11]  - <class 'rosbridge_library.capabilities.defragmentation.Defragment'>
[rosbridge_websocket-11]  - <class 'rosbridge_library.capabilities.advertise_service.AdvertiseService'>
[rosbridge_websocket-11]  - <class 'rosbridge_library.capabilities.call_service.CallService'>
[rosbridge_websocket-11]  - <class 'rosbridge_library.capabilities.service_response.ServiceResponse'>
[rosbridge_websocket-11]  - <class 'rosbridge_library.capabilities.unadvertise_service.UnadvertiseService'>
[rosbridge_websocket-11]  - <class 'rosbridge_library.capabilities.advertise_action.AdvertiseAction'>
[rosbridge_websocket-11]  - <class 'rosbridge_library.capabilities.action_feedback.ActionFeedback'>
[rosbridge_websocket-11]  - <class 'rosbridge_library.capabilities.action_result.ActionResult'>
[rosbridge_websocket-11]  - <class 'rosbridge_library.capabilities.send_action_goal.SendActionGoal'>
[rosbridge_websocket-11]  - <class 'rosbridge_library.capabilities.unadvertise_action.UnadvertiseAction'>
[rosbridge_websocket-11] Exiting due to SIGINT
[ERROR] [adaptive_observation_node-9]: process has died [pid 11411, exit code -2, cmd '/root/nexus_workspace/NEXUS/code/ros2_ws/install/nexus_vision_localization/lib/nexus_vision_localization/adaptive_observation_node --ros-args --params-file /tmp/launch_params_c6ym21jt'].
[approximate_initial_pose_node-3]     executor.spin_once()
[approximate_initial_pose_node-3]   File "/opt/ros/humble/local/lib/python3.10/dist-packages/rclpy/executors.py", line 808, in spin_once
[approximate_initial_pose_node-3]     self._spin_once_impl(timeout_sec)
[approximate_initial_pose_node-3]   File "/opt/ros/humble/local/lib/python3.10/dist-packages/rclpy/executors.py", line 797, in _spin_once_impl
[approximate_initial_pose_node-3]     handler, entity, node = self.wait_for_ready_callbacks(timeout_sec=timeout_sec)
[approximate_initial_pose_node-3]   File "/opt/ros/humble/local/lib/python3.10/dist-packages/rclpy/executors.py", line 780, in wait_for_ready_callbacks
[approximate_initial_pose_node-3]     return next(self._cb_iter)
[approximate_initial_pose_node-3]   File "/opt/ros/humble/local/lib/python3.10/dist-packages/rclpy/executors.py", line 677, in _wait_for_ready_callbacks
[approximate_initial_pose_node-3]     wait_set.wait(timeout_nsec)
[approximate_initial_pose_node-3] KeyboardInterrupt
[superpoint_motion_node-6] Exception ignored in atexit callback: <bound method finalize._exitfunc of <class 'weakref.finalize'>>
[superpoint_motion_node-6] Traceback (most recent call last):
[superpoint_motion_node-6]   File "/usr/lib/python3.10/weakref.py", line 667, in _exitfunc
[superpoint_motion_node-6]     f()
[superpoint_motion_node-6]   File "/usr/lib/python3.10/weakref.py", line 591, in __call__
[superpoint_motion_node-6]     return info.func(*info.args, **(info.kwargs or {}))
[superpoint_motion_node-6]   File "/root/nexus_workspace/NEXUS/data/processed/2026-09-05_gpu_inference_v01/runtime/torch/library.py", line 402, in _del_library
[superpoint_motion_node-6]     handle.destroy()
[superpoint_motion_node-6]   File "/root/nexus_workspace/NEXUS/data/processed/2026-09-05_gpu_inference_v01/runtime/torch/_library/utils.py", line 30, in destroy
[superpoint_motion_node-6]     self._on_destroy()
[superpoint_motion_node-6]   File "/root/nexus_workspace/NEXUS/data/processed/2026-09-05_gpu_inference_v01/runtime/torch/_library/fake_impl.py", line 67, in deregister_fake_class
[superpoint_motion_node-6]     self.lib._destroy()
[superpoint_motion_node-6]   File "/root/nexus_workspace/NEXUS/data/processed/2026-09-05_gpu_inference_v01/runtime/torch/library.py", line 368, in _destroy
[superpoint_motion_node-6]     self.m.reset()
[superpoint_motion_node-6] KeyboardInterrupt: 
[localization_dashboard_node-10] Traceback (most recent call last):
[localization_dashboard_node-10]   File "/root/nexus_workspace/NEXUS/code/ros2_ws/install/nexus_viz_dashboard/lib/nexus_viz_dashboard/localization_dashboard_node", line 201, in <module>
[localization_dashboard_node-10]     main()
[localization_dashboard_node-10]   File "/root/nexus_workspace/NEXUS/code/ros2_ws/install/nexus_viz_dashboard/lib/nexus_viz_dashboard/localization_dashboard_node", line 197, in main
[localization_dashboard_node-10]     rclpy.shutdown()
[localization_dashboard_node-10]   File "/opt/ros/humble/local/lib/python3.10/dist-packages/rclpy/__init__.py", line 130, in shutdown
[localization_dashboard_node-10]     _shutdown(context=context)
[localization_dashboard_node-10]   File "/opt/ros/humble/local/lib/python3.10/dist-packages/rclpy/utilities.py", line 58, in shutdown
[localization_dashboard_node-10]     return context.shutdown()
[localization_dashboard_node-10]   File "/opt/ros/humble/local/lib/python3.10/dist-packages/rclpy/context.py", line 102, in shutdown
[range_smoothing_node.py-2] Traceback (most recent call last):
[range_smoothing_node.py-2]   File "/root/nexus_workspace/NEXUS/code/ros2_ws/install/nexus_pi_readonly_ingress/lib/nexus_pi_readonly_ingress/range_smoothing_node.py", line 57, in main
[localization_dashboard_node-10]     self.__context.shutdown()
[localization_dashboard_node-10] rclpy._rclpy_pybind11.RCLError: failed to shutdown: rcl_shutdown already called on the given context, at ./src/rcl/init.c:241
[localization_dashboard_node-10] Error in sys.excepthook:
[localization_dashboard_node-10] Traceback (most recent call last):
[localization_dashboard_node-10]   File "/usr/lib/python3/dist-packages/apport_python_hook.py", line 55, in apport_excepthook
[range_smoothing_node.py-2]     rclpy.spin(node)
[range_smoothing_node.py-2]   File "/opt/ros/humble/local/lib/python3.10/dist-packages/rclpy/__init__.py", line 229, in spin
[range_smoothing_node.py-2]     executor.spin_once()
[range_smoothing_node.py-2]   File "/opt/ros/humble/local/lib/python3.10/dist-packages/rclpy/executors.py", line 808, in spin_once
[range_smoothing_node.py-2]     self._spin_once_impl(timeout_sec)
[range_smoothing_node.py-2]   File "/opt/ros/humble/local/lib/python3.10/dist-packages/rclpy/executors.py", line 797, in _spin_once_impl
[range_smoothing_node.py-2]     handler, entity, node = self.wait_for_ready_callbacks(timeout_sec=timeout_sec)
[range_smoothing_node.py-2]   File "/opt/ros/humble/local/lib/python3.10/dist-packages/rclpy/executors.py", line 780, in wait_for_ready_callbacks
[range_smoothing_node.py-2]     return next(self._cb_iter)
[range_smoothing_node.py-2]   File "/opt/ros/humble/local/lib/python3.10/dist-packages/rclpy/executors.py", line 677, in _wait_for_ready_callbacks
[range_smoothing_node.py-2]     wait_set.wait(timeout_nsec)
[range_smoothing_node.py-2] KeyboardInterrupt
[range_smoothing_node.py-2] 
[range_smoothing_node.py-2] During handling of the above exception, another exception occurred:
[range_smoothing_node.py-2] 
[range_smoothing_node.py-2] Traceback (most recent call last):
[range_smoothing_node.py-2]   File "/root/nexus_workspace/NEXUS/code/ros2_ws/install/nexus_pi_readonly_ingress/lib/nexus_pi_readonly_ingress/range_smoothing_node.py", line 64, in <module>
[range_smoothing_node.py-2]     main()
[range_smoothing_node.py-2]   File "/root/nexus_workspace/NEXUS/code/ros2_ws/install/nexus_pi_readonly_ingress/lib/nexus_pi_readonly_ingress/range_smoothing_node.py", line 60, in main
[range_smoothing_node.py-2]     rclpy.shutdown()
[range_smoothing_node.py-2]   File "/opt/ros/humble/local/lib/python3.10/dist-packages/rclpy/__init__.py", line 130, in shutdown
[range_smoothing_node.py-2]     _shutdown(context=context)
[range_smoothing_node.py-2]   File "/opt/ros/humble/local/lib/python3.10/dist-packages/rclpy/utilities.py", line 58, in shutdown
[range_smoothing_node.py-2]     return context.shutdown()
[range_smoothing_node.py-2]   File "/opt/ros/humble/local/lib/python3.10/dist-packages/rclpy/context.py", line 102, in shutdown
[range_smoothing_node.py-2]     self.__context.shutdown()
[range_smoothing_node.py-2] rclpy._rclpy_pybind11.RCLError: failed to shutdown: rcl_shutdown already called on the given context, at ./src/rcl/init.c:241
[range_smoothing_node.py-2] Error in sys.excepthook:
[range_smoothing_node.py-2] Traceback (most recent call last):
[range_smoothing_node.py-2]   File "/usr/lib/python3/dist-packages/apport_python_hook.py", line 62, in apport_excepthook
[range_smoothing_node.py-2]     if not enabled():
[range_smoothing_node.py-2]   File "/usr/lib/python3/dist-packages/apport_python_hook.py", line 28, in enabled
[range_smoothing_node.py-2]     return re.search(r'^\s*enabled\s*=\s*0\s*$', conf, re.M) is None
[range_smoothing_node.py-2]   File "/usr/lib/python3.10/re.py", line 200, in search
[range_smoothing_node.py-2]     return _compile(pattern, flags).search(string)
[range_smoothing_node.py-2]   File "/usr/lib/python3.10/re.py", line 291, in _compile
[range_smoothing_node.py-2]     flags = flags.value
[range_smoothing_node.py-2]   File "/usr/lib/python3.10/types.py", line 176, in __get__
[ERROR] [rosbridge_websocket-11]: process has died [pid 11415, exit code -2, cmd '/opt/ros/humble/lib/rosbridge_server/rosbridge_websocket --ros-args --params-file /tmp/launch_params_2ek24ucv'].
[localization_dashboard_node-10]     import apt_pkg
[localization_dashboard_node-10] KeyboardInterrupt
[localization_dashboard_node-10] 
[localization_dashboard_node-10] Original exception was:
[localization_dashboard_node-10] Traceback (most recent call last):
[localization_dashboard_node-10]   File "/root/nexus_workspace/NEXUS/code/ros2_ws/install/nexus_viz_dashboard/lib/nexus_viz_dashboard/localization_dashboard_node", line 201, in <module>
[localization_dashboard_node-10]     main()
[localization_dashboard_node-10]   File "/root/nexus_workspace/NEXUS/code/ros2_ws/install/nexus_viz_dashboard/lib/nexus_viz_dashboard/localization_dashboard_node", line 197, in main
[localization_dashboard_node-10]     rclpy.shutdown()
[localization_dashboard_node-10]   File "/opt/ros/humble/local/lib/python3.10/dist-packages/rclpy/__init__.py", line 130, in shutdown
[localization_dashboard_node-10]     _shutdown(context=context)
[localization_dashboard_node-10]   File "/opt/ros/humble/local/lib/python3.10/dist-packages/rclpy/utilities.py", line 58, in shutdown
[localization_dashboard_node-10]     return context.shutdown()
[localization_dashboard_node-10]   File "/opt/ros/humble/local/lib/python3.10/dist-packages/rclpy/context.py", line 102, in shutdown
[localization_dashboard_node-10]     self.__context.shutdown()
[localization_dashboard_node-10] rclpy._rclpy_pybind11.RCLError: failed to shutdown: rcl_shutdown already called on the given context, at ./src/rcl/init.c:241
[range_smoothing_node.py-2]     def __get__(self, instance, ownerclass=None):
[range_smoothing_node.py-2] KeyboardInterrupt
[range_smoothing_node.py-2] 
[range_smoothing_node.py-2] Original exception was:
[range_smoothing_node.py-2] Traceback (most recent call last):
[range_smoothing_node.py-2]   File "/root/nexus_workspace/NEXUS/code/ros2_ws/install/nexus_pi_readonly_ingress/lib/nexus_pi_readonly_ingress/range_smoothing_node.py", line 57, in main
[range_smoothing_node.py-2]     rclpy.spin(node)
[range_smoothing_node.py-2]   File "/opt/ros/humble/local/lib/python3.10/dist-packages/rclpy/__init__.py", line 229, in spin
[range_smoothing_node.py-2]     executor.spin_once()
[range_smoothing_node.py-2]   File "/opt/ros/humble/local/lib/python3.10/dist-packages/rclpy/executors.py", line 808, in spin_once
[range_smoothing_node.py-2]     self._spin_once_impl(timeout_sec)
[range_smoothing_node.py-2]   File "/opt/ros/humble/local/lib/python3.10/dist-packages/rclpy/executors.py", line 797, in _spin_once_impl
[range_smoothing_node.py-2]     handler, entity, node = self.wait_for_ready_callbacks(timeout_sec=timeout_sec)
[range_smoothing_node.py-2]   File "/opt/ros/humble/local/lib/python3.10/dist-packages/rclpy/executors.py", line 780, in wait_for_ready_callbacks
[range_smoothing_node.py-2]     return next(self._cb_iter)
[range_smoothing_node.py-2]   File "/opt/ros/humble/local/lib/python3.10/dist-packages/rclpy/executors.py", line 677, in _wait_for_ready_callbacks
[range_smoothing_node.py-2]     wait_set.wait(timeout_nsec)
[range_smoothing_node.py-2] KeyboardInterrupt
[range_smoothing_node.py-2] 
[range_smoothing_node.py-2] During handling of the above exception, another exception occurred:
[range_smoothing_node.py-2] 
[range_smoothing_node.py-2] Traceback (most recent call last):
[range_smoothing_node.py-2]   File "/root/nexus_workspace/NEXUS/code/ros2_ws/install/nexus_pi_readonly_ingress/lib/nexus_pi_readonly_ingress/range_smoothing_node.py", line 64, in <module>
[range_smoothing_node.py-2]     main()
[range_smoothing_node.py-2]   File "/root/nexus_workspace/NEXUS/code/ros2_ws/install/nexus_pi_readonly_ingress/lib/nexus_pi_readonly_ingress/range_smoothing_node.py", line 60, in main
[range_smoothing_node.py-2]     rclpy.shutdown()
[range_smoothing_node.py-2]   File "/opt/ros/humble/local/lib/python3.10/dist-packages/rclpy/__init__.py", line 130, in shutdown
[range_smoothing_node.py-2]     _shutdown(context=context)
[range_smoothing_node.py-2]   File "/opt/ros/humble/local/lib/python3.10/dist-packages/rclpy/utilities.py", line 58, in shutdown
[range_smoothing_node.py-2]     return context.shutdown()
[range_smoothing_node.py-2]   File "/opt/ros/humble/local/lib/python3.10/dist-packages/rclpy/context.py", line 102, in shutdown
[range_smoothing_node.py-2]     self.__context.shutdown()
[range_smoothing_node.py-2] rclpy._rclpy_pybind11.RCLError: failed to shutdown: rcl_shutdown already called on the given context, at ./src/rcl/init.c:241
[ERROR] [target_kinematic_fusion_node-8]: process has died [pid 11409, exit code -2, cmd '/root/nexus_workspace/NEXUS/code/ros2_ws/install/nexus_fusion_localization/lib/nexus_fusion_localization/target_kinematic_fusion_node --ros-args --params-file /tmp/launch_params_zk5lbslj'].
[ERROR] [platform_localization_node-4]: process has died [pid 11401, exit code -2, cmd '/root/nexus_workspace/NEXUS/code/ros2_ws/install/nexus_fusion_localization/lib/nexus_fusion_localization/platform_localization_node --ros-args --params-file /tmp/launch_params_bdpi31yt'].
[ERROR] [target_metric_node-7]: process has died [pid 11407, exit code -2, cmd '/root/nexus_workspace/NEXUS/code/ros2_ws/install/nexus_vision_localization/lib/nexus_vision_localization/target_metric_node --ros-args --params-file /tmp/launch_params_mnmsc9hi'].
[ERROR] [camera_file_node.py-1]: process has died [pid 11395, exit code -2, cmd '/root/nexus_workspace/NEXUS/code/ros2_ws/install/nexus_pi_readonly_ingress/lib/nexus_pi_readonly_ingress/camera_file_node.py --ros-args --params-file /tmp/launch_params_36lmlb_e'].
[ERROR] [approximate_initial_pose_node-3]: process has died [pid 11399, exit code -2, cmd '/root/nexus_workspace/NEXUS/code/ros2_ws/install/nexus_bringup/lib/nexus_bringup/approximate_initial_pose_node --ros-args --params-file /tmp/launch_params_xyi3kgw9'].
[ERROR] [object_detection_node-5]: process has died [pid 11403, exit code -2, cmd '/root/nexus_workspace/NEXUS/code/ros2_ws/install/nexus_vision_localization/lib/nexus_vision_localization/object_detection_node --ros-args --params-file /tmp/launch_params_5r04nej3'].
[ERROR] [range_smoothing_node.py-2]: process has died [pid 11397, exit code 1, cmd '/root/nexus_workspace/NEXUS/code/ros2_ws/install/nexus_pi_readonly_ingress/lib/nexus_pi_readonly_ingress/range_smoothing_node.py --ros-args --params-file /tmp/launch_params_djfxexin'].
[ERROR] [localization_dashboard_node-10]: process has died [pid 11413, exit code 1, cmd '/root/nexus_workspace/NEXUS/code/ros2_ws/install/nexus_viz_dashboard/lib/nexus_viz_dashboard/localization_dashboard_node --ros-args --params-file /tmp/launch_params_ttw2jdgl'].
[INFO] [superpoint_motion_node-6]: process has finished cleanly [pid 11405]
