[0.327s] DEBUG:colcon:Command line arguments: ['/usr/bin/colcon', 'build']
[0.327s] DEBUG:colcon:Parsed command line arguments: Namespace(log_base=None, log_level=None, verb_name='build', build_base='build', install_base='install', merge_install=False, symlink_install=False, test_result_base=None, continue_on_error=False, executor='parallel', parallel_workers=8, event_handlers=None, ignore_user_meta=False, metas=['./colcon.meta'], base_paths=['.'], packages_ignore=None, packages_ignore_regex=None, paths=None, packages_up_to=None, packages_up_to_regex=None, packages_above=None, packages_above_and_dependencies=None, packages_above_depth=None, packages_select_by_dep=None, packages_skip_by_dep=None, packages_skip_up_to=None, packages_select_build_failed=False, packages_skip_build_finished=False, packages_select_test_failures=False, packages_skip_test_passed=False, packages_select=None, packages_skip=None, packages_select_regex=None, packages_skip_regex=None, packages_start=None, packages_end=None, allow_overriding=[], cmake_args=None, cmake_target=None, cmake_target_skip_unavailable=False, cmake_clean_cache=False, cmake_clean_first=False, cmake_force_configure=False, ament_cmake_args=None, catkin_cmake_args=None, catkin_skip_building_tests=False, mixin_files=None, mixin=None, verb_parser=<colcon_mixin.mixin.mixin_argument.MixinArgumentDecorator object at 0x73b215e55870>, verb_extension=<colcon_core.verb.build.BuildVerb object at 0x73b215e551e0>, main=<bound method BuildVerb.main of <colcon_core.verb.build.BuildVerb object at 0x73b215e551e0>>, mixin_verb=('build',))
[0.579s] Level 1:colcon.colcon_core.package_discovery:discover_packages(colcon_meta) check parameters
[0.579s] Level 1:colcon.colcon_core.package_discovery:discover_packages(recursive) check parameters
[0.579s] Level 1:colcon.colcon_core.package_discovery:discover_packages(ignore) check parameters
[0.579s] Level 1:colcon.colcon_core.package_discovery:discover_packages(path) check parameters
[0.579s] Level 1:colcon.colcon_core.package_discovery:discover_packages(colcon_meta) discover
[0.579s] Level 1:colcon.colcon_core.package_discovery:discover_packages(recursive) discover
[0.579s] INFO:colcon.colcon_core.package_discovery:Crawling recursively for packages in '/root/nexus_workspace/NEXUS/fcu_core_gcs'
[0.579s] Level 1:colcon.colcon_core.package_identification:_identify(.) by extensions ['ignore', 'ignore_ament_install']
[0.580s] Level 1:colcon.colcon_core.package_identification:_identify(.) by extension 'ignore'
[0.580s] Level 1:colcon.colcon_core.package_identification:_identify(.) by extension 'ignore_ament_install'
[0.580s] Level 1:colcon.colcon_core.package_identification:_identify(.) by extensions ['colcon_pkg']
[0.580s] Level 1:colcon.colcon_core.package_identification:_identify(.) by extension 'colcon_pkg'
[0.580s] Level 1:colcon.colcon_core.package_identification:_identify(.) by extensions ['colcon_meta']
[0.580s] Level 1:colcon.colcon_core.package_identification:_identify(.) by extension 'colcon_meta'
[0.580s] Level 1:colcon.colcon_core.package_identification:_identify(.) by extensions ['ros']
[0.580s] Level 1:colcon.colcon_core.package_identification:_identify(.) by extension 'ros'
[0.599s] Level 1:colcon.colcon_core.package_identification:_identify(.) by extensions ['cmake', 'python']
[0.599s] Level 1:colcon.colcon_core.package_identification:_identify(.) by extension 'cmake'
[0.599s] Level 1:colcon.colcon_core.package_identification:_identify(.) by extension 'python'
[0.599s] Level 1:colcon.colcon_core.package_identification:_identify(.) by extensions ['python_setup_py']
[0.599s] Level 1:colcon.colcon_core.package_identification:_identify(.) by extension 'python_setup_py'
[0.599s] Level 1:colcon.colcon_core.package_identification:_identify(build) by extensions ['ignore', 'ignore_ament_install']
[0.599s] Level 1:colcon.colcon_core.package_identification:_identify(build) by extension 'ignore'
[0.599s] Level 1:colcon.colcon_core.package_identification:_identify(build) ignored
[0.599s] Level 1:colcon.colcon_core.package_identification:_identify(install) by extensions ['ignore', 'ignore_ament_install']
[0.600s] Level 1:colcon.colcon_core.package_identification:_identify(install) by extension 'ignore'
[0.600s] Level 1:colcon.colcon_core.package_identification:_identify(install) ignored
[0.600s] Level 1:colcon.colcon_core.package_identification:_identify(log) by extensions ['ignore', 'ignore_ament_install']
[0.600s] Level 1:colcon.colcon_core.package_identification:_identify(log) by extension 'ignore'
[0.600s] Level 1:colcon.colcon_core.package_identification:_identify(log) ignored
[0.600s] Level 1:colcon.colcon_core.package_identification:_identify(src) by extensions ['ignore', 'ignore_ament_install']
[0.600s] Level 1:colcon.colcon_core.package_identification:_identify(src) by extension 'ignore'
[0.600s] Level 1:colcon.colcon_core.package_identification:_identify(src) by extension 'ignore_ament_install'
[0.600s] Level 1:colcon.colcon_core.package_identification:_identify(src) by extensions ['colcon_pkg']
[0.600s] Level 1:colcon.colcon_core.package_identification:_identify(src) by extension 'colcon_pkg'
[0.600s] Level 1:colcon.colcon_core.package_identification:_identify(src) by extensions ['colcon_meta']
[0.600s] Level 1:colcon.colcon_core.package_identification:_identify(src) by extension 'colcon_meta'
[0.600s] Level 1:colcon.colcon_core.package_identification:_identify(src) by extensions ['ros']
[0.600s] Level 1:colcon.colcon_core.package_identification:_identify(src) by extension 'ros'
[0.600s] Level 1:colcon.colcon_core.package_identification:_identify(src) by extensions ['cmake', 'python']
[0.601s] Level 1:colcon.colcon_core.package_identification:_identify(src) by extension 'cmake'
[0.601s] Level 1:colcon.colcon_core.package_identification:_identify(src) by extension 'python'
[0.601s] Level 1:colcon.colcon_core.package_identification:_identify(src) by extensions ['python_setup_py']
[0.601s] Level 1:colcon.colcon_core.package_identification:_identify(src) by extension 'python_setup_py'
[0.601s] Level 1:colcon.colcon_core.package_identification:_identify(src/fcu_core_ros2) by extensions ['ignore', 'ignore_ament_install']
[0.601s] Level 1:colcon.colcon_core.package_identification:_identify(src/fcu_core_ros2) by extension 'ignore'
[0.601s] Level 1:colcon.colcon_core.package_identification:_identify(src/fcu_core_ros2) by extension 'ignore_ament_install'
[0.601s] Level 1:colcon.colcon_core.package_identification:_identify(src/fcu_core_ros2) by extensions ['colcon_pkg']
[0.601s] Level 1:colcon.colcon_core.package_identification:_identify(src/fcu_core_ros2) by extension 'colcon_pkg'
[0.601s] Level 1:colcon.colcon_core.package_identification:_identify(src/fcu_core_ros2) by extensions ['colcon_meta']
[0.601s] Level 1:colcon.colcon_core.package_identification:_identify(src/fcu_core_ros2) by extension 'colcon_meta'
[0.601s] Level 1:colcon.colcon_core.package_identification:_identify(src/fcu_core_ros2) by extensions ['ros']
[0.601s] Level 1:colcon.colcon_core.package_identification:_identify(src/fcu_core_ros2) by extension 'ros'
[0.605s] DEBUG:colcon.colcon_core.package_identification:Package 'src/fcu_core_ros2' with type 'ros.ament_cmake' and name 'fcu_core'
[0.605s] Level 1:colcon.colcon_core.package_identification:_identify(src/rviz2_custom_panel) by extensions ['ignore', 'ignore_ament_install']
[0.605s] Level 1:colcon.colcon_core.package_identification:_identify(src/rviz2_custom_panel) by extension 'ignore'
[0.606s] Level 1:colcon.colcon_core.package_identification:_identify(src/rviz2_custom_panel) by extension 'ignore_ament_install'
[0.606s] Level 1:colcon.colcon_core.package_identification:_identify(src/rviz2_custom_panel) by extensions ['colcon_pkg']
[0.606s] Level 1:colcon.colcon_core.package_identification:_identify(src/rviz2_custom_panel) by extension 'colcon_pkg'
[0.606s] Level 1:colcon.colcon_core.package_identification:_identify(src/rviz2_custom_panel) by extensions ['colcon_meta']
[0.606s] Level 1:colcon.colcon_core.package_identification:_identify(src/rviz2_custom_panel) by extension 'colcon_meta'
[0.606s] Level 1:colcon.colcon_core.package_identification:_identify(src/rviz2_custom_panel) by extensions ['ros']
[0.606s] Level 1:colcon.colcon_core.package_identification:_identify(src/rviz2_custom_panel) by extension 'ros'
[0.606s] DEBUG:colcon.colcon_core.package_identification:Package 'src/rviz2_custom_panel' with type 'ros.ament_cmake' and name 'rviz2_custom_panel'
[0.606s] Level 1:colcon.colcon_core.package_discovery:discover_packages(recursive) using defaults
[0.606s] Level 1:colcon.colcon_core.package_discovery:discover_packages(ignore) discover
[0.606s] Level 1:colcon.colcon_core.package_discovery:discover_packages(ignore) using defaults
[0.606s] Level 1:colcon.colcon_core.package_discovery:discover_packages(path) discover
[0.606s] Level 1:colcon.colcon_core.package_discovery:discover_packages(path) using defaults
[0.644s] Level 1:colcon.colcon_core.package_discovery:discover_packages(prefix_path) check parameters
[0.644s] Level 1:colcon.colcon_core.package_discovery:discover_packages(prefix_path) discover
[0.647s] DEBUG:colcon.colcon_installed_package_information.package_discovery:Found 293 installed packages in /opt/ros/humble
[0.659s] Level 1:colcon.colcon_core.package_discovery:discover_packages(prefix_path) using defaults
[0.699s] Level 5:colcon.colcon_core.verb:set package 'fcu_core' build argument 'cmake_args' from command line to 'None'
[0.699s] Level 5:colcon.colcon_core.verb:set package 'fcu_core' build argument 'cmake_target' from command line to 'None'
[0.699s] Level 5:colcon.colcon_core.verb:set package 'fcu_core' build argument 'cmake_target_skip_unavailable' from command line to 'False'
[0.699s] Level 5:colcon.colcon_core.verb:set package 'fcu_core' build argument 'cmake_clean_cache' from command line to 'False'
[0.699s] Level 5:colcon.colcon_core.verb:set package 'fcu_core' build argument 'cmake_clean_first' from command line to 'False'
[0.699s] Level 5:colcon.colcon_core.verb:set package 'fcu_core' build argument 'cmake_force_configure' from command line to 'False'
[0.699s] Level 5:colcon.colcon_core.verb:set package 'fcu_core' build argument 'ament_cmake_args' from command line to 'None'
[0.700s] Level 5:colcon.colcon_core.verb:set package 'fcu_core' build argument 'catkin_cmake_args' from command line to 'None'
[0.700s] Level 5:colcon.colcon_core.verb:set package 'fcu_core' build argument 'catkin_skip_building_tests' from command line to 'False'
[0.700s] DEBUG:colcon.colcon_core.verb:Building package 'fcu_core' with the following arguments: {'ament_cmake_args': None, 'build_base': '/root/nexus_workspace/NEXUS/fcu_core_gcs/build/fcu_core', 'catkin_cmake_args': None, 'catkin_skip_building_tests': False, 'cmake_args': None, 'cmake_clean_cache': False, 'cmake_clean_first': False, 'cmake_force_configure': False, 'cmake_target': None, 'cmake_target_skip_unavailable': False, 'install_base': '/root/nexus_workspace/NEXUS/fcu_core_gcs/install/fcu_core', 'merge_install': False, 'path': '/root/nexus_workspace/NEXUS/fcu_core_gcs/src/fcu_core_ros2', 'symlink_install': False, 'test_result_base': None}
[0.700s] Level 5:colcon.colcon_core.verb:set package 'rviz2_custom_panel' build argument 'cmake_args' from command line to 'None'
[0.700s] Level 5:colcon.colcon_core.verb:set package 'rviz2_custom_panel' build argument 'cmake_target' from command line to 'None'
[0.700s] Level 5:colcon.colcon_core.verb:set package 'rviz2_custom_panel' build argument 'cmake_target_skip_unavailable' from command line to 'False'
[0.700s] Level 5:colcon.colcon_core.verb:set package 'rviz2_custom_panel' build argument 'cmake_clean_cache' from command line to 'False'
[0.700s] Level 5:colcon.colcon_core.verb:set package 'rviz2_custom_panel' build argument 'cmake_clean_first' from command line to 'False'
[0.700s] Level 5:colcon.colcon_core.verb:set package 'rviz2_custom_panel' build argument 'cmake_force_configure' from command line to 'False'
[0.700s] Level 5:colcon.colcon_core.verb:set package 'rviz2_custom_panel' build argument 'ament_cmake_args' from command line to 'None'
[0.700s] Level 5:colcon.colcon_core.verb:set package 'rviz2_custom_panel' build argument 'catkin_cmake_args' from command line to 'None'
[0.700s] Level 5:colcon.colcon_core.verb:set package 'rviz2_custom_panel' build argument 'catkin_skip_building_tests' from command line to 'False'
[0.700s] DEBUG:colcon.colcon_core.verb:Building package 'rviz2_custom_panel' with the following arguments: {'ament_cmake_args': None, 'build_base': '/root/nexus_workspace/NEXUS/fcu_core_gcs/build/rviz2_custom_panel', 'catkin_cmake_args': None, 'catkin_skip_building_tests': False, 'cmake_args': None, 'cmake_clean_cache': False, 'cmake_clean_first': False, 'cmake_force_configure': False, 'cmake_target': None, 'cmake_target_skip_unavailable': False, 'install_base': '/root/nexus_workspace/NEXUS/fcu_core_gcs/install/rviz2_custom_panel', 'merge_install': False, 'path': '/root/nexus_workspace/NEXUS/fcu_core_gcs/src/rviz2_custom_panel', 'symlink_install': False, 'test_result_base': None}
[0.700s] INFO:colcon.colcon_core.executor:Executing jobs using 'parallel' executor
[0.701s] DEBUG:colcon.colcon_parallel_executor.executor.parallel:run_until_complete
[0.702s] INFO:colcon.colcon_ros.task.ament_cmake.build:Building ROS package in '/root/nexus_workspace/NEXUS/fcu_core_gcs/src/fcu_core_ros2' with build type 'ament_cmake'
[0.702s] INFO:colcon.colcon_cmake.task.cmake.build:Building CMake package in '/root/nexus_workspace/NEXUS/fcu_core_gcs/src/fcu_core_ros2'
[0.706s] INFO:colcon.colcon_core.plugin_system:Skipping extension 'colcon_core.shell.bat': Not used on non-Windows systems
[0.706s] INFO:colcon.colcon_core.shell:Skip shell extension 'powershell' for command environment: Not usable outside of PowerShell
[0.706s] DEBUG:colcon.colcon_core.shell:Skip shell extension 'dsv' for command environment
[0.711s] INFO:colcon.colcon_ros.task.ament_cmake.build:Building ROS package in '/root/nexus_workspace/NEXUS/fcu_core_gcs/src/rviz2_custom_panel' with build type 'ament_cmake'
[0.711s] INFO:colcon.colcon_cmake.task.cmake.build:Building CMake package in '/root/nexus_workspace/NEXUS/fcu_core_gcs/src/rviz2_custom_panel'
[0.711s] INFO:colcon.colcon_core.shell:Skip shell extension 'powershell' for command environment: Not usable outside of PowerShell
[0.712s] DEBUG:colcon.colcon_core.shell:Skip shell extension 'dsv' for command environment
[0.723s] DEBUG:colcon.colcon_core.event_handler.log_command:Invoking command in '/root/nexus_workspace/NEXUS/fcu_core_gcs/build/fcu_core': CMAKE_PREFIX_PATH=/opt/ros/humble /usr/bin/cmake /root/nexus_workspace/NEXUS/fcu_core_gcs/src/fcu_core_ros2 -DCMAKE_INSTALL_PREFIX=/root/nexus_workspace/NEXUS/fcu_core_gcs/install/fcu_core
[0.731s] DEBUG:colcon.colcon_core.event_handler.log_command:Invoking command in '/root/nexus_workspace/NEXUS/fcu_core_gcs/build/rviz2_custom_panel': CMAKE_PREFIX_PATH=/opt/ros/humble /usr/bin/cmake /root/nexus_workspace/NEXUS/fcu_core_gcs/src/rviz2_custom_panel -DCMAKE_INSTALL_PREFIX=/root/nexus_workspace/NEXUS/fcu_core_gcs/install/rviz2_custom_panel
[13.457s] DEBUG:colcon.colcon_core.event_handler.log_command:Invoked command in '/root/nexus_workspace/NEXUS/fcu_core_gcs/build/fcu_core' returned '0': CMAKE_PREFIX_PATH=/opt/ros/humble /usr/bin/cmake /root/nexus_workspace/NEXUS/fcu_core_gcs/src/fcu_core_ros2 -DCMAKE_INSTALL_PREFIX=/root/nexus_workspace/NEXUS/fcu_core_gcs/install/fcu_core
[13.458s] DEBUG:colcon.colcon_core.event_handler.log_command:Invoking command in '/root/nexus_workspace/NEXUS/fcu_core_gcs/build/fcu_core': CMAKE_PREFIX_PATH=/opt/ros/humble /usr/bin/cmake --build /root/nexus_workspace/NEXUS/fcu_core_gcs/build/fcu_core -- -j8 -l8
[18.607s] DEBUG:colcon.colcon_core.event_handler.log_command:Invoked command in '/root/nexus_workspace/NEXUS/fcu_core_gcs/build/fcu_core' returned '0': CMAKE_PREFIX_PATH=/opt/ros/humble /usr/bin/cmake --build /root/nexus_workspace/NEXUS/fcu_core_gcs/build/fcu_core -- -j8 -l8
[18.622s] DEBUG:colcon.colcon_core.event_handler.log_command:Invoking command in '/root/nexus_workspace/NEXUS/fcu_core_gcs/build/fcu_core': CMAKE_PREFIX_PATH=/opt/ros/humble /usr/bin/cmake --install /root/nexus_workspace/NEXUS/fcu_core_gcs/build/fcu_core
[18.645s] Level 1:colcon.colcon_core.environment:create_environment_scripts_only(fcu_core)
[18.646s] DEBUG:colcon.colcon_core.event_handler.log_command:Invoked command in '/root/nexus_workspace/NEXUS/fcu_core_gcs/build/fcu_core' returned '0': CMAKE_PREFIX_PATH=/opt/ros/humble /usr/bin/cmake --install /root/nexus_workspace/NEXUS/fcu_core_gcs/build/fcu_core
[18.652s] Level 1:colcon.colcon_core.environment:checking '/root/nexus_workspace/NEXUS/fcu_core_gcs/install/fcu_core' for CMake module files
[18.653s] Level 1:colcon.colcon_core.environment:checking '/root/nexus_workspace/NEXUS/fcu_core_gcs/install/fcu_core' for CMake config files
[18.654s] Level 1:colcon.colcon_core.shell:create_environment_hook('fcu_core', 'cmake_prefix_path')
[18.654s] INFO:colcon.colcon_core.shell:Creating environment hook '/root/nexus_workspace/NEXUS/fcu_core_gcs/install/fcu_core/share/fcu_core/hook/cmake_prefix_path.ps1'
[18.656s] INFO:colcon.colcon_core.shell:Creating environment descriptor '/root/nexus_workspace/NEXUS/fcu_core_gcs/install/fcu_core/share/fcu_core/hook/cmake_prefix_path.dsv'
[18.657s] INFO:colcon.colcon_core.shell:Creating environment hook '/root/nexus_workspace/NEXUS/fcu_core_gcs/install/fcu_core/share/fcu_core/hook/cmake_prefix_path.sh'
[18.658s] Level 1:colcon.colcon_core.environment:checking '/root/nexus_workspace/NEXUS/fcu_core_gcs/install/fcu_core/lib'
[18.658s] Level 1:colcon.colcon_core.environment:checking '/root/nexus_workspace/NEXUS/fcu_core_gcs/install/fcu_core/bin'
[18.658s] Level 1:colcon.colcon_core.environment:checking '/root/nexus_workspace/NEXUS/fcu_core_gcs/install/fcu_core/lib/pkgconfig/fcu_core.pc'
[18.659s] Level 1:colcon.colcon_core.environment:checking '/root/nexus_workspace/NEXUS/fcu_core_gcs/install/fcu_core/lib/python3.10/site-packages'
[18.659s] Level 1:colcon.colcon_core.environment:checking '/root/nexus_workspace/NEXUS/fcu_core_gcs/install/fcu_core/bin'
[18.659s] INFO:colcon.colcon_core.shell:Creating package script '/root/nexus_workspace/NEXUS/fcu_core_gcs/install/fcu_core/share/fcu_core/package.ps1'
[18.661s] INFO:colcon.colcon_core.shell:Creating package descriptor '/root/nexus_workspace/NEXUS/fcu_core_gcs/install/fcu_core/share/fcu_core/package.dsv'
[18.662s] INFO:colcon.colcon_core.shell:Creating package script '/root/nexus_workspace/NEXUS/fcu_core_gcs/install/fcu_core/share/fcu_core/package.sh'
[18.664s] INFO:colcon.colcon_core.shell:Creating package script '/root/nexus_workspace/NEXUS/fcu_core_gcs/install/fcu_core/share/fcu_core/package.bash'
[18.665s] INFO:colcon.colcon_core.shell:Creating package script '/root/nexus_workspace/NEXUS/fcu_core_gcs/install/fcu_core/share/fcu_core/package.zsh'
[18.666s] Level 1:colcon.colcon_core.environment:create_file_with_runtime_dependencies(/root/nexus_workspace/NEXUS/fcu_core_gcs/install/fcu_core/share/colcon-core/packages/fcu_core)
[18.668s] Level 1:colcon.colcon_core.environment:create_environment_scripts_only(fcu_core)
[18.669s] Level 1:colcon.colcon_core.environment:checking '/root/nexus_workspace/NEXUS/fcu_core_gcs/install/fcu_core' for CMake module files
[18.669s] Level 1:colcon.colcon_core.environment:checking '/root/nexus_workspace/NEXUS/fcu_core_gcs/install/fcu_core' for CMake config files
[18.670s] Level 1:colcon.colcon_core.shell:create_environment_hook('fcu_core', 'cmake_prefix_path')
[18.670s] INFO:colcon.colcon_core.shell:Creating environment hook '/root/nexus_workspace/NEXUS/fcu_core_gcs/install/fcu_core/share/fcu_core/hook/cmake_prefix_path.ps1'
[18.670s] INFO:colcon.colcon_core.shell:Creating environment descriptor '/root/nexus_workspace/NEXUS/fcu_core_gcs/install/fcu_core/share/fcu_core/hook/cmake_prefix_path.dsv'
[18.671s] INFO:colcon.colcon_core.shell:Creating environment hook '/root/nexus_workspace/NEXUS/fcu_core_gcs/install/fcu_core/share/fcu_core/hook/cmake_prefix_path.sh'
[18.672s] Level 1:colcon.colcon_core.environment:checking '/root/nexus_workspace/NEXUS/fcu_core_gcs/install/fcu_core/lib'
[18.672s] Level 1:colcon.colcon_core.environment:checking '/root/nexus_workspace/NEXUS/fcu_core_gcs/install/fcu_core/bin'
[18.672s] Level 1:colcon.colcon_core.environment:checking '/root/nexus_workspace/NEXUS/fcu_core_gcs/install/fcu_core/lib/pkgconfig/fcu_core.pc'
[18.672s] Level 1:colcon.colcon_core.environment:checking '/root/nexus_workspace/NEXUS/fcu_core_gcs/install/fcu_core/lib/python3.10/site-packages'
[18.673s] Level 1:colcon.colcon_core.environment:checking '/root/nexus_workspace/NEXUS/fcu_core_gcs/install/fcu_core/bin'
[18.673s] INFO:colcon.colcon_core.shell:Creating package script '/root/nexus_workspace/NEXUS/fcu_core_gcs/install/fcu_core/share/fcu_core/package.ps1'
[18.674s] INFO:colcon.colcon_core.shell:Creating package descriptor '/root/nexus_workspace/NEXUS/fcu_core_gcs/install/fcu_core/share/fcu_core/package.dsv'
[18.675s] INFO:colcon.colcon_core.shell:Creating package script '/root/nexus_workspace/NEXUS/fcu_core_gcs/install/fcu_core/share/fcu_core/package.sh'
[18.676s] INFO:colcon.colcon_core.shell:Creating package script '/root/nexus_workspace/NEXUS/fcu_core_gcs/install/fcu_core/share/fcu_core/package.bash'
[18.677s] INFO:colcon.colcon_core.shell:Creating package script '/root/nexus_workspace/NEXUS/fcu_core_gcs/install/fcu_core/share/fcu_core/package.zsh'
[18.678s] Level 1:colcon.colcon_core.environment:create_file_with_runtime_dependencies(/root/nexus_workspace/NEXUS/fcu_core_gcs/install/fcu_core/share/colcon-core/packages/fcu_core)
[21.894s] DEBUG:colcon.colcon_core.event_handler.log_command:Invoked command in '/root/nexus_workspace/NEXUS/fcu_core_gcs/build/rviz2_custom_panel' returned '0': CMAKE_PREFIX_PATH=/opt/ros/humble /usr/bin/cmake /root/nexus_workspace/NEXUS/fcu_core_gcs/src/rviz2_custom_panel -DCMAKE_INSTALL_PREFIX=/root/nexus_workspace/NEXUS/fcu_core_gcs/install/rviz2_custom_panel
[21.897s] DEBUG:colcon.colcon_core.event_handler.log_command:Invoking command in '/root/nexus_workspace/NEXUS/fcu_core_gcs/build/rviz2_custom_panel': CMAKE_PREFIX_PATH=/opt/ros/humble /usr/bin/cmake --build /root/nexus_workspace/NEXUS/fcu_core_gcs/build/rviz2_custom_panel -- -j8 -l8
[32.222s] DEBUG:colcon.colcon_core.event_handler.log_command:Invoked command in '/root/nexus_workspace/NEXUS/fcu_core_gcs/build/rviz2_custom_panel' returned '0': CMAKE_PREFIX_PATH=/opt/ros/humble /usr/bin/cmake --build /root/nexus_workspace/NEXUS/fcu_core_gcs/build/rviz2_custom_panel -- -j8 -l8
[32.223s] DEBUG:colcon.colcon_core.event_handler.log_command:Invoking command in '/root/nexus_workspace/NEXUS/fcu_core_gcs/build/rviz2_custom_panel': CMAKE_PREFIX_PATH=/opt/ros/humble /usr/bin/cmake --install /root/nexus_workspace/NEXUS/fcu_core_gcs/build/rviz2_custom_panel
[32.251s] Level 1:colcon.colcon_core.environment:create_environment_scripts_only(rviz2_custom_panel)
[32.251s] Level 1:colcon.colcon_core.environment:checking '/root/nexus_workspace/NEXUS/fcu_core_gcs/install/rviz2_custom_panel' for CMake module files
[32.252s] DEBUG:colcon.colcon_core.event_handler.log_command:Invoked command in '/root/nexus_workspace/NEXUS/fcu_core_gcs/build/rviz2_custom_panel' returned '0': CMAKE_PREFIX_PATH=/opt/ros/humble /usr/bin/cmake --install /root/nexus_workspace/NEXUS/fcu_core_gcs/build/rviz2_custom_panel
[32.252s] Level 1:colcon.colcon_core.environment:checking '/root/nexus_workspace/NEXUS/fcu_core_gcs/install/rviz2_custom_panel' for CMake config files
[32.253s] Level 1:colcon.colcon_core.shell:create_environment_hook('rviz2_custom_panel', 'cmake_prefix_path')
[32.253s] INFO:colcon.colcon_core.shell:Creating environment hook '/root/nexus_workspace/NEXUS/fcu_core_gcs/install/rviz2_custom_panel/share/rviz2_custom_panel/hook/cmake_prefix_path.ps1'
[32.254s] INFO:colcon.colcon_core.shell:Creating environment descriptor '/root/nexus_workspace/NEXUS/fcu_core_gcs/install/rviz2_custom_panel/share/rviz2_custom_panel/hook/cmake_prefix_path.dsv'
[32.254s] INFO:colcon.colcon_core.shell:Creating environment hook '/root/nexus_workspace/NEXUS/fcu_core_gcs/install/rviz2_custom_panel/share/rviz2_custom_panel/hook/cmake_prefix_path.sh'
[32.254s] Level 1:colcon.colcon_core.environment:checking '/root/nexus_workspace/NEXUS/fcu_core_gcs/install/rviz2_custom_panel/lib'
[32.255s] Level 1:colcon.colcon_core.environment:checking '/root/nexus_workspace/NEXUS/fcu_core_gcs/install/rviz2_custom_panel/bin'
[32.255s] Level 1:colcon.colcon_core.environment:checking '/root/nexus_workspace/NEXUS/fcu_core_gcs/install/rviz2_custom_panel/lib/pkgconfig/rviz2_custom_panel.pc'
[32.255s] Level 1:colcon.colcon_core.environment:checking '/root/nexus_workspace/NEXUS/fcu_core_gcs/install/rviz2_custom_panel/lib/python3.10/site-packages'
[32.255s] Level 1:colcon.colcon_core.environment:checking '/root/nexus_workspace/NEXUS/fcu_core_gcs/install/rviz2_custom_panel/bin'
[32.255s] INFO:colcon.colcon_core.shell:Creating package script '/root/nexus_workspace/NEXUS/fcu_core_gcs/install/rviz2_custom_panel/share/rviz2_custom_panel/package.ps1'
[32.256s] INFO:colcon.colcon_core.shell:Creating package descriptor '/root/nexus_workspace/NEXUS/fcu_core_gcs/install/rviz2_custom_panel/share/rviz2_custom_panel/package.dsv'
[32.256s] INFO:colcon.colcon_core.shell:Creating package script '/root/nexus_workspace/NEXUS/fcu_core_gcs/install/rviz2_custom_panel/share/rviz2_custom_panel/package.sh'
[32.256s] INFO:colcon.colcon_core.shell:Creating package script '/root/nexus_workspace/NEXUS/fcu_core_gcs/install/rviz2_custom_panel/share/rviz2_custom_panel/package.bash'
[32.257s] INFO:colcon.colcon_core.shell:Creating package script '/root/nexus_workspace/NEXUS/fcu_core_gcs/install/rviz2_custom_panel/share/rviz2_custom_panel/package.zsh'
[32.257s] Level 1:colcon.colcon_core.environment:create_file_with_runtime_dependencies(/root/nexus_workspace/NEXUS/fcu_core_gcs/install/rviz2_custom_panel/share/colcon-core/packages/rviz2_custom_panel)
[32.258s] Level 1:colcon.colcon_core.environment:create_environment_scripts_only(rviz2_custom_panel)
[32.258s] Level 1:colcon.colcon_core.environment:checking '/root/nexus_workspace/NEXUS/fcu_core_gcs/install/rviz2_custom_panel' for CMake module files
[32.259s] Level 1:colcon.colcon_core.environment:checking '/root/nexus_workspace/NEXUS/fcu_core_gcs/install/rviz2_custom_panel' for CMake config files
[32.259s] Level 1:colcon.colcon_core.shell:create_environment_hook('rviz2_custom_panel', 'cmake_prefix_path')
[32.259s] INFO:colcon.colcon_core.shell:Creating environment hook '/root/nexus_workspace/NEXUS/fcu_core_gcs/install/rviz2_custom_panel/share/rviz2_custom_panel/hook/cmake_prefix_path.ps1'
[32.260s] INFO:colcon.colcon_core.shell:Creating environment descriptor '/root/nexus_workspace/NEXUS/fcu_core_gcs/install/rviz2_custom_panel/share/rviz2_custom_panel/hook/cmake_prefix_path.dsv'
[32.260s] INFO:colcon.colcon_core.shell:Creating environment hook '/root/nexus_workspace/NEXUS/fcu_core_gcs/install/rviz2_custom_panel/share/rviz2_custom_panel/hook/cmake_prefix_path.sh'
[32.260s] Level 1:colcon.colcon_core.environment:checking '/root/nexus_workspace/NEXUS/fcu_core_gcs/install/rviz2_custom_panel/lib'
[32.260s] Level 1:colcon.colcon_core.environment:checking '/root/nexus_workspace/NEXUS/fcu_core_gcs/install/rviz2_custom_panel/bin'
[32.260s] Level 1:colcon.colcon_core.environment:checking '/root/nexus_workspace/NEXUS/fcu_core_gcs/install/rviz2_custom_panel/lib/pkgconfig/rviz2_custom_panel.pc'
[32.261s] Level 1:colcon.colcon_core.environment:checking '/root/nexus_workspace/NEXUS/fcu_core_gcs/install/rviz2_custom_panel/lib/python3.10/site-packages'
[32.261s] Level 1:colcon.colcon_core.environment:checking '/root/nexus_workspace/NEXUS/fcu_core_gcs/install/rviz2_custom_panel/bin'
[32.261s] INFO:colcon.colcon_core.shell:Creating package script '/root/nexus_workspace/NEXUS/fcu_core_gcs/install/rviz2_custom_panel/share/rviz2_custom_panel/package.ps1'
[32.261s] INFO:colcon.colcon_core.shell:Creating package descriptor '/root/nexus_workspace/NEXUS/fcu_core_gcs/install/rviz2_custom_panel/share/rviz2_custom_panel/package.dsv'
[32.262s] INFO:colcon.colcon_core.shell:Creating package script '/root/nexus_workspace/NEXUS/fcu_core_gcs/install/rviz2_custom_panel/share/rviz2_custom_panel/package.sh'
[32.262s] INFO:colcon.colcon_core.shell:Creating package script '/root/nexus_workspace/NEXUS/fcu_core_gcs/install/rviz2_custom_panel/share/rviz2_custom_panel/package.bash'
[32.262s] INFO:colcon.colcon_core.shell:Creating package script '/root/nexus_workspace/NEXUS/fcu_core_gcs/install/rviz2_custom_panel/share/rviz2_custom_panel/package.zsh'
[32.263s] Level 1:colcon.colcon_core.environment:create_file_with_runtime_dependencies(/root/nexus_workspace/NEXUS/fcu_core_gcs/install/rviz2_custom_panel/share/colcon-core/packages/rviz2_custom_panel)
[32.263s] DEBUG:colcon.colcon_parallel_executor.executor.parallel:closing loop
[32.264s] DEBUG:colcon.colcon_parallel_executor.executor.parallel:loop closed
[32.264s] DEBUG:colcon.colcon_parallel_executor.executor.parallel:run_until_complete finished with '0'
[32.264s] DEBUG:colcon.colcon_core.event_reactor:joining thread
[32.283s] INFO:colcon.colcon_core.plugin_system:Skipping extension 'colcon_notification.desktop_notification.terminal_notifier': Not used on non-Darwin systems
[32.283s] INFO:colcon.colcon_core.plugin_system:Skipping extension 'colcon_notification.desktop_notification.win32': Not used on non-Windows systems
[32.283s] INFO:colcon.colcon_notification.desktop_notification:Sending desktop notification using 'notify2'
[32.306s] DEBUG:colcon.colcon_notification.desktop_notification.notify2:Failed to initialize notify2: org.freedesktop.DBus.Error.ServiceUnknown: The name org.freedesktop.Notifications was not provided by any .service files
[32.307s] DEBUG:colcon.colcon_core.event_reactor:joined thread
[32.308s] INFO:colcon.colcon_core.shell:Creating prefix script '/root/nexus_workspace/NEXUS/fcu_core_gcs/install/local_setup.ps1'
[32.309s] INFO:colcon.colcon_core.shell:Creating prefix util module '/root/nexus_workspace/NEXUS/fcu_core_gcs/install/_local_setup_util_ps1.py'
[32.311s] INFO:colcon.colcon_core.shell:Creating prefix chain script '/root/nexus_workspace/NEXUS/fcu_core_gcs/install/setup.ps1'
[32.312s] INFO:colcon.colcon_core.shell:Creating prefix script '/root/nexus_workspace/NEXUS/fcu_core_gcs/install/local_setup.sh'
[32.313s] INFO:colcon.colcon_core.shell:Creating prefix util module '/root/nexus_workspace/NEXUS/fcu_core_gcs/install/_local_setup_util_sh.py'
[32.313s] INFO:colcon.colcon_core.shell:Creating prefix chain script '/root/nexus_workspace/NEXUS/fcu_core_gcs/install/setup.sh'
[32.314s] INFO:colcon.colcon_core.shell:Creating prefix script '/root/nexus_workspace/NEXUS/fcu_core_gcs/install/local_setup.bash'
[32.315s] INFO:colcon.colcon_core.shell:Creating prefix chain script '/root/nexus_workspace/NEXUS/fcu_core_gcs/install/setup.bash'
[32.315s] INFO:colcon.colcon_core.shell:Creating prefix script '/root/nexus_workspace/NEXUS/fcu_core_gcs/install/local_setup.zsh'
[32.316s] INFO:colcon.colcon_core.shell:Creating prefix chain script '/root/nexus_workspace/NEXUS/fcu_core_gcs/install/setup.zsh'
