-- The C compiler identification is GNU 11.4.0
-- The CXX compiler identification is GNU 11.4.0
-- Detecting C compiler ABI info
-- Detecting C compiler ABI info - done
-- Check for working C compiler: /usr/bin/cc - skipped
-- Detecting C compile features
-- Detecting C compile features - done
-- Detecting CXX compiler ABI info
-- Detecting CXX compiler ABI info - done
-- Check for working CXX compiler: /usr/bin/c++ - skipped
-- Detecting CXX compile features
-- Detecting CXX compile features - done
-- Found ament_cmake: 1.3.14 (/opt/ros/humble/share/ament_cmake/cmake)
-- Found Python3: /usr/bin/python3 (found version "3.10.12") found components: Interpreter 
-- Found rclcpp: 16.0.19 (/opt/ros/humble/share/rclcpp/cmake)
-- Found rosidl_generator_c: 3.1.9 (/opt/ros/humble/share/rosidl_generator_c/cmake)
-- Found rosidl_adapter: 3.1.9 (/opt/ros/humble/share/rosidl_adapter/cmake)
-- Found rosidl_generator_cpp: 3.1.9 (/opt/ros/humble/share/rosidl_generator_cpp/cmake)
-- Using all available rosidl_typesupport_c: rosidl_typesupport_fastrtps_c;rosidl_typesupport_introspection_c
-- Using all available rosidl_typesupport_cpp: rosidl_typesupport_fastrtps_cpp;rosidl_typesupport_introspection_cpp
-- Found rmw_implementation_cmake: 6.1.3 (/opt/ros/humble/share/rmw_implementation_cmake/cmake)
-- Found rmw_fastrtps_cpp: 6.2.10 (/opt/ros/humble/share/rmw_fastrtps_cpp/cmake)
-- Found OpenSSL: /usr/lib/x86_64-linux-gnu/libcrypto.so (found version "3.0.2")  
-- Found FastRTPS: /opt/ros/humble/include  
-- Using RMW implementation 'rmw_fastrtps_cpp' as default
-- Looking for pthread.h
-- Looking for pthread.h - found
-- Performing Test CMAKE_HAVE_LIBC_PTHREAD
-- Performing Test CMAKE_HAVE_LIBC_PTHREAD - Success
-- Found Threads: TRUE  
-- Found ament_lint_auto: 0.12.15 (/opt/ros/humble/share/ament_lint_auto/cmake)
-- Added test 'cppcheck' to perform static code analysis on C / C++ code
-- Configured cppcheck include dirs: 
-- Configured cppcheck exclude dirs and/or files: 
-- Added test 'flake8' to check Python code syntax and style conventions
-- Added test 'lint_cmake' to check CMake code style
-- Added test 'pep257' to check Python code against some of the docstring style conventions in PEP 257
-- Added test 'uncrustify' to check C / C++ code style
-- Configured uncrustify additional arguments: 
-- Added test 'xmllint' to check XML markup files
-- Configuring done
-- Generating done
-- Build files have been written to: /root/nexus_workspace/NEXUS/fcu_core_gcs/build/fcu_core
[ 50%] [32mBuilding CXX object CMakeFiles/fcu_command.dir/src/fcu_command.cpp.o[0m
[100%] [32m[1mLinking CXX executable fcu_command[0m
[100%] Built target fcu_command
-- Install configuration: ""
-- Installing: /root/nexus_workspace/NEXUS/fcu_core_gcs/install/fcu_core/lib/fcu_core/fcu_command
-- Set runtime path of "/root/nexus_workspace/NEXUS/fcu_core_gcs/install/fcu_core/lib/fcu_core/fcu_command" to ""
-- Installing: /root/nexus_workspace/NEXUS/fcu_core_gcs/install/fcu_core/share/fcu_core/launch
-- Installing: /root/nexus_workspace/NEXUS/fcu_core_gcs/install/fcu_core/share/fcu_core/launch/fcu_core_launch.py:Zone.Identifier
-- Installing: /root/nexus_workspace/NEXUS/fcu_core_gcs/install/fcu_core/share/fcu_core/launch/fcu_core_launch.py
-- Installing: /root/nexus_workspace/NEXUS/fcu_core_gcs/install/fcu_core/share/fcu_core/rviz
-- Installing: /root/nexus_workspace/NEXUS/fcu_core_gcs/install/fcu_core/share/fcu_core/rviz/default.rviz:Zone.Identifier
-- Installing: /root/nexus_workspace/NEXUS/fcu_core_gcs/install/fcu_core/share/fcu_core/rviz/default.rviz
-- Installing: /root/nexus_workspace/NEXUS/fcu_core_gcs/install/fcu_core/share/ament_index/resource_index/package_run_dependencies/fcu_core
-- Installing: /root/nexus_workspace/NEXUS/fcu_core_gcs/install/fcu_core/share/ament_index/resource_index/parent_prefix_path/fcu_core
-- Installing: /root/nexus_workspace/NEXUS/fcu_core_gcs/install/fcu_core/share/fcu_core/environment/ament_prefix_path.sh
-- Installing: /root/nexus_workspace/NEXUS/fcu_core_gcs/install/fcu_core/share/fcu_core/environment/ament_prefix_path.dsv
-- Installing: /root/nexus_workspace/NEXUS/fcu_core_gcs/install/fcu_core/share/fcu_core/environment/path.sh
-- Installing: /root/nexus_workspace/NEXUS/fcu_core_gcs/install/fcu_core/share/fcu_core/environment/path.dsv
-- Installing: /root/nexus_workspace/NEXUS/fcu_core_gcs/install/fcu_core/share/fcu_core/local_setup.bash
-- Installing: /root/nexus_workspace/NEXUS/fcu_core_gcs/install/fcu_core/share/fcu_core/local_setup.sh
-- Installing: /root/nexus_workspace/NEXUS/fcu_core_gcs/install/fcu_core/share/fcu_core/local_setup.zsh
-- Installing: /root/nexus_workspace/NEXUS/fcu_core_gcs/install/fcu_core/share/fcu_core/local_setup.dsv
-- Installing: /root/nexus_workspace/NEXUS/fcu_core_gcs/install/fcu_core/share/fcu_core/package.dsv
-- Installing: /root/nexus_workspace/NEXUS/fcu_core_gcs/install/fcu_core/share/ament_index/resource_index/packages/fcu_core
-- Installing: /root/nexus_workspace/NEXUS/fcu_core_gcs/install/fcu_core/share/fcu_core/cmake/fcu_coreConfig.cmake
-- Installing: /root/nexus_workspace/NEXUS/fcu_core_gcs/install/fcu_core/share/fcu_core/cmake/fcu_coreConfig-version.cmake
-- Installing: /root/nexus_workspace/NEXUS/fcu_core_gcs/install/fcu_core/share/fcu_core/package.xml
