[0.020s] Invoking command in '/root/nexus_workspace/NEXUS/fcu_core_gcs/build/rviz2_custom_panel': CMAKE_PREFIX_PATH=/opt/ros/humble /usr/bin/cmake /root/nexus_workspace/NEXUS/fcu_core_gcs/src/rviz2_custom_panel -DCMAKE_INSTALL_PREFIX=/root/nexus_workspace/NEXUS/fcu_core_gcs/install/rviz2_custom_panel
[0.370s] -- The C compiler identification is GNU 11.4.0
[1.199s] -- The CXX compiler identification is GNU 11.4.0
[1.745s] -- Detecting C compiler ABI info
[1.961s] -- Detecting C compiler ABI info - done
[1.966s] -- Check for working C compiler: /usr/bin/cc - skipped
[1.966s] -- Detecting C compile features
[1.967s] -- Detecting C compile features - done
[1.970s] -- Detecting CXX compiler ABI info
[2.167s] -- Detecting CXX compiler ABI info - done
[2.171s] -- Check for working CXX compiler: /usr/bin/c++ - skipped
[2.171s] -- Detecting CXX compile features
[2.172s] -- Detecting CXX compile features - done
[2.175s] -- Found ament_cmake: 1.3.14 (/opt/ros/humble/share/ament_cmake/cmake)
[2.297s] -- Found Python3: /usr/bin/python3 (found version "3.10.12") found components: Interpreter 
[2.380s] -- Found rviz_common: 11.2.28 (/opt/ros/humble/share/rviz_common/cmake)
[2.626s] -- Setting assimp_DIR to: '/opt/ros/humble/share/rviz_assimp_vendor/cmake/../../../opt/rviz_assimp_vendor/lib/cmake/assimp-4.1'
[2.633s] -- Setting OGRE_DIR to: '/opt/ros/humble/share/rviz_ogre_vendor/cmake/../../../opt/rviz_ogre_vendor/lib/OGRE/cmake'
[2.635s] -- Found OGRE
[2.635s] --   static     : OFF
[2.635s] --   components : HLMS;MeshLodGenerator;Overlay;Paging;Property;RTShaderSystem;Terrain;Volume
[2.635s] --   plugins    : Plugin_BSPSceneManager;Plugin_OctreeSceneManager;Plugin_PCZSceneManager;Plugin_ParticleFX;RenderSystem_GL;RenderSystem_GL3Plus;Codec_STBI
[2.635s] --   media      : /opt/ros/humble/opt/rviz_ogre_vendor/share/OGRE/Media
[2.635s] -- OGRE_LIBRARIES: OgreHLMS;OgreMeshLodGenerator;OgreOverlay;OgrePaging;OgreProperty;OgreRTShaderSystem;OgreTerrain;OgreVolume;OgreMain
[2.636s] -- OGRE_LIBRARY_DIRS: /opt/ros/humble/opt/rviz_ogre_vendor/lib
[2.636s] -- OGRE_PLUGINS: Plugin_BSPSceneManager;Plugin_OctreeSceneManager;Plugin_PCZSceneManager;Plugin_ParticleFX;RenderSystem_GL;RenderSystem_GL3Plus;Codec_STBI
[2.636s] -- OGRE_PLUGIN_DIR: /opt/ros/humble/opt/rviz_ogre_vendor/lib/OGRE
[2.636s] -- rviz_ogre_vendor::OgreOverlay for IMPORTED_LOCATION_RELEASE: /opt/ros/humble/opt/rviz_ogre_vendor/lib/libOgreOverlay.so
[2.636s] -- rviz_ogre_vendor::OgreOverlay for IMPORTED_LOCATION_DEBUG: /opt/ros/humble/opt/rviz_ogre_vendor/lib/libOgreOverlay.so
[2.636s] -- rviz_ogre_vendor::OgreMain for IMPORTED_LOCATION_RELEASE: /opt/ros/humble/opt/rviz_ogre_vendor/lib/libOgreMain.so
[2.636s] -- rviz_ogre_vendor::OgreMain for IMPORTED_LOCATION_DEBUG: /opt/ros/humble/opt/rviz_ogre_vendor/lib/libOgreMain.so
[5.450s] -- Found ZLIB: /usr/lib/x86_64-linux-gnu/libz.so (found version "1.2.11") 
[6.271s] -- Found OpenGL: /usr/lib/x86_64-linux-gnu/libOpenGL.so   
[12.300s] -- Found X11: /usr/include   
[12.301s] -- Looking for XOpenDisplay in /usr/lib/x86_64-linux-gnu/libX11.so;/usr/lib/x86_64-linux-gnu/libXext.so
[12.556s] -- Looking for XOpenDisplay in /usr/lib/x86_64-linux-gnu/libX11.so;/usr/lib/x86_64-linux-gnu/libXext.so - found
[12.556s] -- Looking for gethostbyname
[12.809s] -- Looking for gethostbyname - found
[12.809s] -- Looking for connect
[13.044s] -- Looking for connect - found
[13.045s] -- Looking for remove
[13.301s] -- Looking for remove - found
[13.301s] -- Looking for shmat
[13.529s] -- Looking for shmat - found
[13.529s] -- Looking for IceConnectionNumber in ICE
[13.755s] -- Looking for IceConnectionNumber in ICE - found
[16.660s] -- library: /usr/lib/x86_64-linux-gnu/libcurl.so
[16.759s] -- Found rosidl_generator_c: 3.1.9 (/opt/ros/humble/share/rosidl_generator_c/cmake)
[16.763s] -- Found rosidl_adapter: 3.1.9 (/opt/ros/humble/share/rosidl_adapter/cmake)
[16.770s] -- Found rosidl_generator_cpp: 3.1.9 (/opt/ros/humble/share/rosidl_generator_cpp/cmake)
[16.781s] -- Using all available rosidl_typesupport_c: rosidl_typesupport_fastrtps_c;rosidl_typesupport_introspection_c
[16.796s] -- Using all available rosidl_typesupport_cpp: rosidl_typesupport_fastrtps_cpp;rosidl_typesupport_introspection_cpp
[19.488s] -- Found rmw_implementation_cmake: 6.1.3 (/opt/ros/humble/share/rmw_implementation_cmake/cmake)
[19.490s] -- Found rmw_fastrtps_cpp: 6.2.10 (/opt/ros/humble/share/rmw_fastrtps_cpp/cmake)
[19.510s] -- Found TinyXML2 via Config file: TinyXML2_DIR-NOTFOUND
[19.626s] -- Found OpenSSL: /usr/lib/x86_64-linux-gnu/libcrypto.so (found version "3.0.2")  
[19.629s] -- Found TinyXML2 via Config file: TinyXML2_DIR-NOTFOUND
[20.039s] -- Found FastRTPS: /opt/ros/humble/include  
[20.043s] -- Found TinyXML2 via Config file: TinyXML2_DIR-NOTFOUND
[20.054s] -- Found TinyXML2 via Config file: TinyXML2_DIR-NOTFOUND
[20.276s] -- Using RMW implementation 'rmw_fastrtps_cpp' as default
[20.288s] -- Looking for pthread.h
[20.562s] -- Looking for pthread.h - found
[20.563s] -- Performing Test CMAKE_HAVE_LIBC_PTHREAD
[20.792s] -- Performing Test CMAKE_HAVE_LIBC_PTHREAD - Success
[20.793s] -- Found Threads: TRUE  
[20.930s] -- Found Eigen3: TRUE (found version "3.4.0") 
[20.930s] -- Ensuring Eigen3 include directory is part of orocos-kdl CMake target
[21.050s] -- Found ament_lint_auto: 0.12.15 (/opt/ros/humble/share/ament_lint_auto/cmake)
[21.116s] -- Added test 'cppcheck' to perform static code analysis on C / C++ code
[21.117s] -- Configured cppcheck include dirs: 
[21.117s] -- Configured cppcheck exclude dirs and/or files: 
[21.117s] -- Added test 'lint_cmake' to check CMake code style
[21.119s] -- Added test 'uncrustify' to check C / C++ code style
[21.119s] -- Configured uncrustify additional arguments: 
[21.119s] -- Added test 'xmllint' to check XML markup files
[21.121s] -- Configuring done
[21.161s] -- Generating done
[21.167s] -- Build files have been written to: /root/nexus_workspace/NEXUS/fcu_core_gcs/build/rviz2_custom_panel
[21.182s] Invoked command in '/root/nexus_workspace/NEXUS/fcu_core_gcs/build/rviz2_custom_panel' returned '0': CMAKE_PREFIX_PATH=/opt/ros/humble /usr/bin/cmake /root/nexus_workspace/NEXUS/fcu_core_gcs/src/rviz2_custom_panel -DCMAKE_INSTALL_PREFIX=/root/nexus_workspace/NEXUS/fcu_core_gcs/install/rviz2_custom_panel
[21.185s] Invoking command in '/root/nexus_workspace/NEXUS/fcu_core_gcs/build/rviz2_custom_panel': CMAKE_PREFIX_PATH=/opt/ros/humble /usr/bin/cmake --build /root/nexus_workspace/NEXUS/fcu_core_gcs/build/rviz2_custom_panel -- -j8 -l8
[21.226s] [ 25%] [34m[1mGenerating src/moc_mypanel.cpp[0m
[21.261s] [ 75%] [32mBuilding CXX object CMakeFiles/mypanel.dir/src/mypanel.cpp.o[0m
[21.262s] [ 75%] [32mBuilding CXX object CMakeFiles/mypanel.dir/src/moc_mypanel.cpp.o[0m
[24.528s] [01m[K/root/nexus_workspace/NEXUS/fcu_core_gcs/src/rviz2_custom_panel/src/mypanel.cpp:[m[K In constructor ‘[01m[Krviz2_custom_panel::Rviz2Panel::Rviz2Panel(QWidget*)[m[K’:
[24.529s] [01m[K/root/nexus_workspace/NEXUS/fcu_core_gcs/src/rviz2_custom_panel/src/mypanel.cpp:21:53:[m[K [01;35m[Kwarning: [m[Kunused parameter ‘[01m[Kparent[m[K’ [[01;35m[K]8;;https://gcc.gnu.org/onlinedocs/gcc/Warning-Options.html#index-Wunused-parameter-Wunused-parameter]8;;[m[K]
[24.529s]    21 | rviz2_custom_panel::Rviz2Panel::Rviz2Panel([01;35m[KQWidget *parent[m[K)
[24.529s]       |                                            [01;35m[K~~~~~~~~~^~~~~~[m[K
[30.082s] [100%] [32m[1mLinking CXX shared library libmypanel.so[0m
[31.497s] [100%] Built target mypanel
[31.511s] Invoked command in '/root/nexus_workspace/NEXUS/fcu_core_gcs/build/rviz2_custom_panel' returned '0': CMAKE_PREFIX_PATH=/opt/ros/humble /usr/bin/cmake --build /root/nexus_workspace/NEXUS/fcu_core_gcs/build/rviz2_custom_panel -- -j8 -l8
[31.511s] Invoking command in '/root/nexus_workspace/NEXUS/fcu_core_gcs/build/rviz2_custom_panel': CMAKE_PREFIX_PATH=/opt/ros/humble /usr/bin/cmake --install /root/nexus_workspace/NEXUS/fcu_core_gcs/build/rviz2_custom_panel
[31.518s] -- Install configuration: ""
[31.519s] -- Installing: /root/nexus_workspace/NEXUS/fcu_core_gcs/install/rviz2_custom_panel/lib/rviz2_custom_panel/libmypanel.so
[31.529s] -- Set runtime path of "/root/nexus_workspace/NEXUS/fcu_core_gcs/install/rviz2_custom_panel/lib/rviz2_custom_panel/libmypanel.so" to ""
[31.530s] -- Installing: /root/nexus_workspace/NEXUS/fcu_core_gcs/install/rviz2_custom_panel/share/rviz2_custom_panel/plugin_description.xml
[31.532s] -- Installing: /root/nexus_workspace/NEXUS/fcu_core_gcs/install/rviz2_custom_panel/share/ament_index/resource_index/package_run_dependencies/rviz2_custom_panel
[31.532s] -- Installing: /root/nexus_workspace/NEXUS/fcu_core_gcs/install/rviz2_custom_panel/share/ament_index/resource_index/parent_prefix_path/rviz2_custom_panel
[31.533s] -- Installing: /root/nexus_workspace/NEXUS/fcu_core_gcs/install/rviz2_custom_panel/share/rviz2_custom_panel/environment/ament_prefix_path.sh
[31.533s] -- Installing: /root/nexus_workspace/NEXUS/fcu_core_gcs/install/rviz2_custom_panel/share/rviz2_custom_panel/environment/ament_prefix_path.dsv
[31.533s] -- Installing: /root/nexus_workspace/NEXUS/fcu_core_gcs/install/rviz2_custom_panel/share/rviz2_custom_panel/environment/path.sh
[31.534s] -- Installing: /root/nexus_workspace/NEXUS/fcu_core_gcs/install/rviz2_custom_panel/share/rviz2_custom_panel/environment/path.dsv
[31.534s] -- Installing: /root/nexus_workspace/NEXUS/fcu_core_gcs/install/rviz2_custom_panel/share/rviz2_custom_panel/local_setup.bash
[31.534s] -- Installing: /root/nexus_workspace/NEXUS/fcu_core_gcs/install/rviz2_custom_panel/share/rviz2_custom_panel/local_setup.sh
[31.534s] -- Installing: /root/nexus_workspace/NEXUS/fcu_core_gcs/install/rviz2_custom_panel/share/rviz2_custom_panel/local_setup.zsh
[31.535s] -- Installing: /root/nexus_workspace/NEXUS/fcu_core_gcs/install/rviz2_custom_panel/share/rviz2_custom_panel/local_setup.dsv
[31.535s] -- Installing: /root/nexus_workspace/NEXUS/fcu_core_gcs/install/rviz2_custom_panel/share/rviz2_custom_panel/package.dsv
[31.535s] -- Installing: /root/nexus_workspace/NEXUS/fcu_core_gcs/install/rviz2_custom_panel/share/ament_index/resource_index/packages/rviz2_custom_panel
[31.536s] -- Installing: /root/nexus_workspace/NEXUS/fcu_core_gcs/install/rviz2_custom_panel/share/ament_index/resource_index/rviz_common__pluginlib__plugin/rviz2_custom_panel
[31.537s] -- Installing: /root/nexus_workspace/NEXUS/fcu_core_gcs/install/rviz2_custom_panel/share/rviz2_custom_panel/cmake/rviz2_custom_panelConfig.cmake
[31.537s] -- Installing: /root/nexus_workspace/NEXUS/fcu_core_gcs/install/rviz2_custom_panel/share/rviz2_custom_panel/cmake/rviz2_custom_panelConfig-version.cmake
[31.537s] -- Installing: /root/nexus_workspace/NEXUS/fcu_core_gcs/install/rviz2_custom_panel/share/rviz2_custom_panel/package.xml
[31.540s] Invoked command in '/root/nexus_workspace/NEXUS/fcu_core_gcs/build/rviz2_custom_panel' returned '0': CMAKE_PREFIX_PATH=/opt/ros/humble /usr/bin/cmake --install /root/nexus_workspace/NEXUS/fcu_core_gcs/build/rviz2_custom_panel
